engine engine.reference.harness
engine_version 1
rule_set_hash sha256:5d17547794248e6221563cdfc2a50797846b48886cc480facff9473eefd3ca47
frozen_inputs sha256:31d04f648d03e93403273e114e92bd665293601cdd64777579b3ec32ba009f43
result NOT_SATISFIED
value reference.margin=-65/0
proof
  NOT_SATISFIED rule.reference.root [n.root]
    SATISFIED rule.source.agreement [n.agreement] inputs=reference.source.a,reference.source.b
    NOT_SATISFIED rule.threshold [n.threshold] inputs=reference.threshold,reference.value locators=01900000-0000-7000-8000-0000000000a1@page/1
