engine SECTION_16_CRITICAL_PATH
engine_version 1
rule_set_hash sha256:dfcbc3d315862be729ac245746986003e7a1f3ebc206a8abc9d18b06826aa5c2
frozen_inputs sha256:4636bf247b759dc9d031aab407836b714660ffaa1fc5924cd95e2a4aa0bbcd1b
result NOT_SATISFIED
value dominated_routes=0/0
value ranked_routes=0/0
proof
  NOT_SATISFIED section-16 [n00]
    NOT_SATISFIED section-16.1-satisfy [n01]
    UNKNOWN section-16.2-cost [n02]
    NOT_SATISFIED section-16.3-constrain [n03]
      UNKNOWN HARD_PREREQUISITE_SATISFACTION [n03-00]
      UNKNOWN OFFERING_STANDING_AND_OFFICIAL_PREREQUISITE [n03-01]
      UNKNOWN TIMETABLE_AND_CREDIT_LIMIT [n03-02]
      UNKNOWN DEADLINE_OR_HORIZON [n03-03]
      UNKNOWN PRIVACY_EXCLUDED_RESOURCE [n03-04]
      UNKNOWN USER_EXCLUSION [n03-05]
      UNKNOWN STALE_REFRESH_REQUIREMENT [n03-06]
      UNKNOWN UNCERTAIN_EDGE_CHECKPOINT [n03-07]
    SATISFIED section-16.2-eliminate [n04]
    NOT_SATISFIED section-16.2-order [n05]
