engine SECTION_16_CRITICAL_PATH
engine_version 1
rule_set_hash sha256:dfcbc3d315862be729ac245746986003e7a1f3ebc206a8abc9d18b06826aa5c2
frozen_inputs sha256:9fac68ee0074ce5bd20daea5e83e95b02817b6e5c12f2db980909db8272364d0
result SATISFIED
value dominated_routes=0/0
value ranked_routes=2/0
proof
  SATISFIED section-16 [n00]
    SATISFIED section-16.1-satisfy [n01]
    SATISFIED section-16.2-cost [n02]
    SATISFIED section-16.3-constrain [n03]
      SATISFIED HARD_PREREQUISITE_SATISFACTION [n03-00]
      SATISFIED OFFERING_STANDING_AND_OFFICIAL_PREREQUISITE [n03-01]
      SATISFIED TIMETABLE_AND_CREDIT_LIMIT [n03-02]
      SATISFIED DEADLINE_OR_HORIZON [n03-03]
      SATISFIED PRIVACY_EXCLUDED_RESOURCE [n03-04]
      SATISFIED USER_EXCLUSION [n03-05]
      SATISFIED STALE_REFRESH_REQUIREMENT [n03-06]
      SATISFIED UNCERTAIN_EDGE_CHECKPOINT [n03-07]
    SATISFIED section-16.2-eliminate [n04]
    SATISFIED section-16.2-order [n05]
