status.total_credits=NEEDS
measure.total_credits=14/130
status.cse_major_total=NEEDS
measure.cse_major_total=6/63
status.required_course_set=NOT_SATISFIED
measure.required_course_set=2/3
operand.required_course_set.op.000=SATISFIED
operand.required_course_set.op.001=NOT_SATISFIED
operand.required_course_set.op.002=SATISFIED
equivalency.required_course_set.op.002=equivalency_shared
status.seminar_choice=SATISFIED
measure.seminar_choice=1/1
operand.seminar_choice.op.000=NOT_SATISFIED
operand.seminar_choice.op.001=SATISFIED
status.foreign_language_lectures=NEEDS
measure.foreign_language_lectures=2/3
gpa.weighted_points_tenths=339
gpa.denominator_credits=12
status.overall_gpa=SATISFIED
status.major_exclusive=SATISFIED
measure.major_exclusive=1/1
status.equivalency_shared=SATISFIED
root.status=NOT_SATISFIED
verdict=DETERMINATE
outcome=NOT_POSSIBLE
earned_credits=14
