engine engine.gpa
engine_version 1
rule_set_hash sha256:8a09a39ca44f8b5346fa02bdda605f6bafa03374287c5b1913f521ee69fbb6d9
frozen_inputs sha256:7a2df2587c5f243d02081da370a2c619a35981a3ac0373efbc912303389f52eb
result SATISFIED
value attempts.in.scope=5/0
value attempts.pending.disposition=0/0
value credits.earned=140/1
value gpa=243/2
value gpa.denominator.credits=120/1
value gpa.quality.points=3390/2
proof
  SATISFIED rule.gpa.average [n.gpa] inputs=attempt.count,scope,scope.program
    SATISFIED rule.gpa.attempt.disposition [n.attempt.000] inputs=attempt.000.course,attempt.000.credits.attempted,attempt.000.credits.earned,attempt.000.grade,attempt.000.id,attempt.000.origin,attempt.000.program.cse,attempt.000.program.stat,attempt.000.recognition,attempt.000.repeat,attempt.000.status,attempt.000.term
    SATISFIED rule.gpa.attempt.disposition [n.attempt.001] inputs=attempt.002.course,attempt.002.credits.attempted,attempt.002.credits.earned,attempt.002.grade,attempt.002.id,attempt.002.origin,attempt.002.program.cse,attempt.002.recognition,attempt.002.repeat,attempt.002.status,attempt.002.term
    SATISFIED rule.gpa.attempt.disposition [n.attempt.002] inputs=attempt.003.course,attempt.003.credits.attempted,attempt.003.credits.earned,attempt.003.grade,attempt.003.id,attempt.003.origin,attempt.003.program.cse,attempt.003.recognition,attempt.003.repeat,attempt.003.status,attempt.003.term
    SATISFIED rule.gpa.attempt.disposition [n.attempt.003] inputs=attempt.004.course,attempt.004.credits.attempted,attempt.004.credits.earned,attempt.004.grade,attempt.004.id,attempt.004.origin,attempt.004.program.cse,attempt.004.recognition,attempt.004.repeat,attempt.004.status,attempt.004.term
    SATISFIED rule.gpa.attempt.disposition [n.attempt.004] inputs=attempt.006.course,attempt.006.credits.attempted,attempt.006.credits.earned,attempt.006.grade,attempt.006.id,attempt.006.origin,attempt.006.program.cse,attempt.006.recognition,attempt.006.repeat,attempt.006.status,attempt.006.term
