case.every_spring.course=M9001.000100
case.every_spring.value.seasonality=1000
case.every_spring.contribution.seasonality=200
case.every_spring.value.lifecycle_status=1
case.every_spring.contribution.lifecycle_status=0
case.every_spring.value.instructor_change=1
case.every_spring.contribution.instructor_change=60
case.every_spring.value.recent_notices=0
case.every_spring.contribution.recent_notices=0
case.every_spring.value.offering_gap=0
case.every_spring.contribution.offering_gap=60
case.every_spring.value.irregular_special=0
case.every_spring.contribution.irregular_special=0
case.every_spring.value.history_window=6
case.every_spring.contribution.history_window=80
case.every_spring.window.seasonal_terms=6
case.every_spring.window.positive_samples=6
case.every_spring.raw_units=900
case.every_spring.calibrated_permille=910
case.every_spring.abstention=NONE
case.every_spring.standing=HISTORICALLY_LIKELY
case.spring_only_asked_for_autumn.course=M9001.001000
case.spring_only_asked_for_autumn.value.seasonality=0
case.spring_only_asked_for_autumn.contribution.seasonality=-200
case.spring_only_asked_for_autumn.value.lifecycle_status=1
case.spring_only_asked_for_autumn.contribution.lifecycle_status=0
case.spring_only_asked_for_autumn.value.instructor_change=0
case.spring_only_asked_for_autumn.contribution.instructor_change=0
case.spring_only_asked_for_autumn.value.recent_notices=0
case.spring_only_asked_for_autumn.contribution.recent_notices=0
case.spring_only_asked_for_autumn.value.offering_gap=6
case.spring_only_asked_for_autumn.contribution.offering_gap=-260
case.spring_only_asked_for_autumn.value.irregular_special=0
case.spring_only_asked_for_autumn.contribution.irregular_special=0
case.spring_only_asked_for_autumn.value.history_window=6
case.spring_only_asked_for_autumn.contribution.history_window=80
case.spring_only_asked_for_autumn.window.seasonal_terms=6
case.spring_only_asked_for_autumn.window.positive_samples=0
case.spring_only_asked_for_autumn.raw_units=120
case.spring_only_asked_for_autumn.calibrated_permille=ABSTAINED
case.spring_only_asked_for_autumn.abstention=NEVER_OBSERVED
case.spring_only_asked_for_autumn.standing=UNCERTAIN
case.sparse.course=M9001.000200
case.sparse.value.seasonality=1000
case.sparse.contribution.seasonality=200
case.sparse.value.lifecycle_status=1
case.sparse.contribution.lifecycle_status=0
case.sparse.value.instructor_change=1
case.sparse.contribution.instructor_change=60
case.sparse.value.recent_notices=0
case.sparse.contribution.recent_notices=0
case.sparse.value.offering_gap=0
case.sparse.contribution.offering_gap=60
case.sparse.value.irregular_special=0
case.sparse.contribution.irregular_special=0
case.sparse.value.history_window=2
case.sparse.contribution.history_window=-40
case.sparse.window.seasonal_terms=2
case.sparse.window.positive_samples=2
case.sparse.raw_units=780
case.sparse.calibrated_permille=ABSTAINED
case.sparse.abstention=WINDOW_BELOW_RECORDED_MINIMUM
case.sparse.standing=UNCERTAIN
case.irregular_only.course=M9001.000300
case.irregular_only.value.seasonality=750
case.irregular_only.contribution.seasonality=100
case.irregular_only.value.lifecycle_status=1
case.irregular_only.contribution.lifecycle_status=0
case.irregular_only.value.instructor_change=1
case.irregular_only.contribution.instructor_change=60
case.irregular_only.value.recent_notices=0
case.irregular_only.contribution.recent_notices=0
case.irregular_only.value.offering_gap=0
case.irregular_only.contribution.offering_gap=60
case.irregular_only.value.irregular_special=3
case.irregular_only.contribution.irregular_special=-200
case.irregular_only.value.history_window=4
case.irregular_only.contribution.history_window=80
case.irregular_only.window.seasonal_terms=4
case.irregular_only.window.positive_samples=3
case.irregular_only.raw_units=600
case.irregular_only.calibrated_permille=ABSTAINED
case.irregular_only.abstention=IRREGULAR_ONLY
case.irregular_only.standing=UNCERTAIN
case.instructor_volatile.course=M9001.000400
case.instructor_volatile.value.seasonality=1000
case.instructor_volatile.contribution.seasonality=200
case.instructor_volatile.value.lifecycle_status=1
case.instructor_volatile.contribution.lifecycle_status=0
case.instructor_volatile.value.instructor_change=4
case.instructor_volatile.contribution.instructor_change=-120
case.instructor_volatile.value.recent_notices=0
case.instructor_volatile.contribution.recent_notices=0
case.instructor_volatile.value.offering_gap=0
case.instructor_volatile.contribution.offering_gap=60
case.instructor_volatile.value.irregular_special=0
case.instructor_volatile.contribution.irregular_special=0
case.instructor_volatile.value.history_window=4
case.instructor_volatile.contribution.history_window=80
case.instructor_volatile.window.seasonal_terms=4
case.instructor_volatile.window.positive_samples=4
case.instructor_volatile.raw_units=720
case.instructor_volatile.calibrated_permille=ABSTAINED
case.instructor_volatile.abstention=INSTRUCTOR_VOLATILE
case.instructor_volatile.standing=UNCERTAIN
case.never_observed.course=M9001.000500
case.never_observed.value.seasonality=0
case.never_observed.contribution.seasonality=-200
case.never_observed.value.lifecycle_status=1
case.never_observed.contribution.lifecycle_status=0
case.never_observed.value.instructor_change=0
case.never_observed.contribution.instructor_change=0
case.never_observed.value.recent_notices=0
case.never_observed.contribution.recent_notices=0
case.never_observed.value.offering_gap=4
case.never_observed.contribution.offering_gap=-260
case.never_observed.value.irregular_special=0
case.never_observed.contribution.irregular_special=0
case.never_observed.value.history_window=4
case.never_observed.contribution.history_window=80
case.never_observed.window.seasonal_terms=4
case.never_observed.window.positive_samples=0
case.never_observed.raw_units=120
case.never_observed.calibrated_permille=ABSTAINED
case.never_observed.abstention=NEVER_OBSERVED
case.never_observed.standing=UNCERTAIN
case.gap_two.course=M9001.000600
case.gap_two.value.seasonality=500
case.gap_two.contribution.seasonality=0
case.gap_two.value.lifecycle_status=1
case.gap_two.contribution.lifecycle_status=0
case.gap_two.value.instructor_change=1
case.gap_two.contribution.instructor_change=60
case.gap_two.value.recent_notices=0
case.gap_two.contribution.recent_notices=0
case.gap_two.value.offering_gap=2
case.gap_two.contribution.offering_gap=-160
case.gap_two.value.irregular_special=0
case.gap_two.contribution.irregular_special=0
case.gap_two.value.history_window=4
case.gap_two.contribution.history_window=80
case.gap_two.window.seasonal_terms=4
case.gap_two.window.positive_samples=2
case.gap_two.raw_units=480
case.gap_two.calibrated_permille=330
case.gap_two.abstention=NONE
case.gap_two.standing=UNCERTAIN
case.every_other_spring.course=M9001.000700
case.every_other_spring.value.seasonality=500
case.every_other_spring.contribution.seasonality=0
case.every_other_spring.value.lifecycle_status=1
case.every_other_spring.contribution.lifecycle_status=0
case.every_other_spring.value.instructor_change=1
case.every_other_spring.contribution.instructor_change=60
case.every_other_spring.value.recent_notices=0
case.every_other_spring.contribution.recent_notices=0
case.every_other_spring.value.offering_gap=0
case.every_other_spring.contribution.offering_gap=60
case.every_other_spring.value.irregular_special=0
case.every_other_spring.contribution.irregular_special=0
case.every_other_spring.value.history_window=4
case.every_other_spring.contribution.history_window=80
case.every_other_spring.window.seasonal_terms=4
case.every_other_spring.window.positive_samples=2
case.every_other_spring.raw_units=700
case.every_other_spring.calibrated_permille=780
case.every_other_spring.abstention=NONE
case.every_other_spring.standing=HISTORICALLY_LIKELY
case.retired.course=M9001.000800
case.retired.value.seasonality=1000
case.retired.contribution.seasonality=200
case.retired.value.lifecycle_status=5
case.retired.contribution.lifecycle_status=-500
case.retired.value.instructor_change=1
case.retired.contribution.instructor_change=60
case.retired.value.recent_notices=0
case.retired.contribution.recent_notices=0
case.retired.value.offering_gap=0
case.retired.contribution.offering_gap=60
case.retired.value.irregular_special=0
case.retired.contribution.irregular_special=0
case.retired.value.history_window=6
case.retired.contribution.history_window=80
case.retired.window.seasonal_terms=6
case.retired.window.positive_samples=6
case.retired.raw_units=400
case.retired.calibrated_permille=330
case.retired.abstention=NONE
case.retired.standing=UNCERTAIN
case.suspended_notice.course=M9001.000900
case.suspended_notice.value.seasonality=500
case.suspended_notice.contribution.seasonality=0
case.suspended_notice.value.lifecycle_status=1
case.suspended_notice.contribution.lifecycle_status=0
case.suspended_notice.value.instructor_change=1
case.suspended_notice.contribution.instructor_change=60
case.suspended_notice.value.recent_notices=-200
case.suspended_notice.contribution.recent_notices=-200
case.suspended_notice.value.offering_gap=0
case.suspended_notice.contribution.offering_gap=60
case.suspended_notice.value.irregular_special=0
case.suspended_notice.contribution.irregular_special=0
case.suspended_notice.value.history_window=4
case.suspended_notice.contribution.history_window=80
case.suspended_notice.window.seasonal_terms=4
case.suspended_notice.window.positive_samples=2
case.suspended_notice.raw_units=500
case.suspended_notice.calibrated_permille=480
case.suspended_notice.abstention=NONE
case.suspended_notice.standing=UNCERTAIN
metrics.total=10
metrics.scored=5
metrics.abstained=5
metrics.resolved=4
metrics.abstention_permille=500
metrics.coverage_permille=400
metrics.brier_numerator=274300
metrics.brier_denominator=4
metrics.brier_per_million_floor=68575
metrics.missing_outcomes=M9001.000900
